1 test226 cellular_telephone__01 False
2 test226 cellular_telephone__02 False
3 test226 cellular_telephone__03 False
4 test226 cellular_telephone__04 False
5 test226 laptop_computer__02 False
6 test226 laptop_computer__01 False
7 test226 laptop_computer__03 False
8 test226 laptop_computer__04 False
9 test226 television_set__01 True
10 test226 television_set__03 True
11 test226 television_set__04 False
12 test226 remote_control__01 True
13 test226 remote_control__02 True
14 test226 television_set__02 False
15 test226 remote_control__04 True
16 test226 remote_control__03 True
17 test226 calculator__02 True
18 test226 calculator__03 False
19 test226 calculator__01 False
20 test226 telephone__02 True
21 test226 telephone__01 True
22 test226 telephone__03 False
23 test226 telephone__04 False
24 test226 clock__01 True
25 test226 clock__03 True
26 test226 clock__02 True
27 test226 watch__01 True
28 test226 clock__04 True
29 test226 watch__02 True
30 test226 watch__03 True
31 test226 watch__04 True
32 test226 earphone__01 False
33 test226 earphone__02 True
34 test226 earphone__04 True
35 test226 earphone__03 False
36 test226 fan__01 True
37 test226 fan__02 True
38 test226 fan__04 True
39 test226 fan__03 True
40 test226 lamp__02 True
41 test226 lamp__01 True
42 test226 lamp__04 True
43 test226 lamp__03 True
44 test226 blender__02 True
45 test226 blender__03 True
46 test226 blender__01 True
47 test226 microwave_oven__01 False
48 test226 microwave_oven__02 True
49 test226 microwave_oven__03 True
50 test226 blender__04 True
51 test226 kettle__01 False
52 test226 kettle__02 True
53 test226 microwave_oven__04 True
54 test226 kettle__03 True
55 test226 kettle__04 True
56 test226 mouse_computer_equipment__01 True
57 test226 mouse_computer_equipment__02 True
58 test226 mouse_computer_equipment__03 True
59 test226 mouse_computer_equipment__04 True
60 test226 chair__02 True
61 test226 chair__01 True
62 test226 chair__04 False
63 test226 chair__03 False
64 test226 bench__01 True
65 test226 bench__02 True
66 test226 bench__03 True
67 test226 bench__04 True
68 test226 stool__02 True
69 test226 stool__01 True
70 test226 stool__04 True
71 test226 stool__03 True
72 test226 table__01 True
73 test226 table__03 True
74 test226 table__02 False
75 test226 table__04 True
76 test226 bottle__01 False
77 test226 bottle__02 True
78 test226 bottle__04 False
79 test226 bottle__03 True
80 test226 jar__01 False
81 test226 jar__02 False
82 test226 jar__04 True
83 test226 jar__03 False
84 test226 can__01 True
85 test226 can__02 True
86 test226 can__03 True
87 test226 cup__01 True
88 test226 cup__02 True
89 test226 cup__03 True
90 test226 can__04 True
91 test226 cup__04 True
92 test226 mug__01 True
93 test226 mug__02 True
94 test226 mug__03 True
95 test226 glass_drink_container__01 False
96 test226 mug__04 True
97 test226 glass_drink_container__02 True
98 test226 glass_drink_container__04 True
99 test226 glass_drink_container__03 False
100 test226 bowl__01 True
101 test226 bowl__02 True
102 test226 bowl__03 True
103 test226 bowl__04 True
104 test226 handbag__01 False
105 test226 handbag__02 True
106 test226 handbag__03 True
107 test226 handbag__04 True
108 test226 plastic_bag__02 True
109 test226 plastic_bag__01 False
110 test226 plastic_bag__03 False
111 test226 plastic_bag__04 True
112 test226 box__02 True
113 test226 box__01 False
114 test226 box__04 True
115 test226 box__03 True
116 test226 carton__02 True
117 test226 carton__01 True
118 test226 carton__03 True
119 test226 crate__01 True
120 test226 carton__04 True
121 test226 crate__03 True
122 test226 crate__02 True
123 test226 crate__04 False
124 test226 basket__01 True
125 test226 basket__03 True
126 test226 basket__02 True
127 test226 basket__04 True
128 test226 bucket__02 True
129 test226 bucket__01 True
130 test226 bucket__03 False
131 test226 bucket__04 False
132 test226 trash_can__02 True
133 test226 trash_can__01 True
134 test226 trash_can__03 True
135 test226 trash_can__04 True
136 test226 plate__01 True
137 test226 plate__02 True
138 test226 plate__04 True
139 test226 plate__03 False
140 test226 tray__02 True
141 test226 tray__03 True
142 test226 tray__04 True
143 test226 vase__01 False
144 test226 tray__01 True
145 test226 vase__02 True
146 test226 vase__03 True
147 test226 vase__04 True
148 test226 car_automobile__02 True
149 test226 car_automobile__01 False
150 test226 car_automobile__04 True
151 test226 car_automobile__03 True
152 test226 bicycle__01 False
153 test226 bicycle__03 True
154 test226 bicycle__04 True
155 test226 bicycle__02 False
156 test226 book__01 False
157 test226 book__02 True
158 test226 book__04 False
159 test226 pen__01 True
160 test226 book__03 True
161 test226 pen__03 True
162 test226 pen__02 True
163 test226 wallet__01 False
164 test226 wallet__02 True
165 test226 belt__01 True
166 test226 belt__02 True
167 test226 belt__03 True
168 test226 hat__01 True
169 test226 belt__04 True
170 test226 hat__02 True
171 test226 hat__03 False
172 test226 hat__04 False
173 test226 helmet__02 True
174 test226 helmet__03 True
175 test226 helmet__01 True
176 test226 shoe__01 True
177 test226 helmet__04 True
178 test226 shoe__02 True
179 test226 shoe__04 True
180 test226 shoe__03 True
181 test226 slipper_footwear__01 True
182 test226 scarf__01 True
183 test226 scarf__02 True
184 test226 scarf__04 True
185 test226 scarf__03 False
186 test226 sweater__02 True
187 test226 sweater__03 True
188 test226 sweater__04 True
189 test226 towel__01 True
190 test226 towel__02 True
191 test226 sweater__01 False
192 test226 towel__03 True
193 test226 towel__04 True
194 test226 soap__02 True
195 test226 soap__01 True
196 test226 screwdriver__01 True
197 test226 broom__02 True
198 test226 broom__01 True
199 test226 broom__03 False
200 test226 hammer__02 True
201 test226 hammer__03 True
202 test226 hammer__01 True
203 test226 knife__01 True
204 test226 knife__02 True
205 test226 knife__03 True
206 test226 knife__04 True
207 test226 scissors__01 True
208 test226 scissors__02 True
209 test226 scissors__03 True
210 test226 ladder__01 True
211 test226 ladder__02 True
212 test226 ladder__03 True
213 test226 scissors__04 True
214 test226 ladder__04 True
215 test226 guitar__02 True
216 test226 guitar__03 True
217 test226 guitar__04 True
218 test226 pan_for_cooking__01 True
219 test226 guitar__01 True
220 test226 pan_for_cooking__02 True
221 test226 pan_for_cooking__03 True
222 test226 pan_for_cooking__04 True
223 test226 spoon__01 True
224 test226 spoon__02 True
225 test226 spoon__03 True
226 test226 spoon__04 True
227 holdout42 cellular_telephone__u01 True
228 holdout42 television_set__u01 True
229 holdout42 laptop_computer__u01 True
230 holdout42 remote_control__u01 True
231 holdout42 telephone__u01 True
232 holdout42 calculator__u01 True
233 holdout42 watch__u01 True
234 holdout42 chair__u01 True
235 holdout42 clock__u01 True
236 holdout42 stool__u01 True
237 holdout42 table__u01 True
238 holdout42 bottle__u01 True
239 holdout42 bench__u01 True
240 holdout42 jar__u01 True
241 holdout42 can__u01 True
242 holdout42 cup__u01 True
243 holdout42 mug__u01 True
244 holdout42 glass_drink_container__u01 True
245 holdout42 bowl__u01 True
246 holdout42 handbag__u01 True
247 holdout42 plastic_bag__u01 True
248 holdout42 car_automobile__u01 True
249 holdout42 box__u01 True
250 holdout42 car_automobile__u02 True
251 holdout42 bicycle__u02 True
252 holdout42 bicycle__u01 True
253 holdout42 book__u01 True
254 holdout42 pencil__u01 True
255 holdout42 belt__u01 True
256 holdout42 hat__u01 True
257 holdout42 helmet__u01 True
258 holdout42 shoe__u01 True
259 holdout42 slipper_footwear__u01 True
260 holdout42 scarf__u01 True
261 holdout42 screwdriver__u01 True
262 holdout42 wrench__u01 True
263 holdout42 scissors__u01 True
264 holdout42 knife__u01 True
265 holdout42 pliers__u01 True
266 holdout42 ladder__u01 True
267 holdout42 guitar__u01 True
268 holdout42 pan_for_cooking__u01 True
