stage 1/226 cellular_telephone__03
stage 2/226 cellular_telephone__04
stage 3/226 cellular_telephone__01
stage 4/226 cellular_telephone__02
stage 5/226 laptop_computer__03
stage 6/226 laptop_computer__02
stage 7/226 laptop_computer__04
stage 8/226 television_set__01
stage 9/226 television_set__03
stage 10/226 laptop_computer__01
stage 11/226 remote_control__01
stage 12/226 television_set__04
stage 13/226 remote_control__02
stage 14/226 television_set__02
stage 15/226 calculator__01
stage 16/226 remote_control__04
stage 17/226 calculator__02
stage 18/226 calculator__03
stage 19/226 telephone__02
stage 20/226 telephone__01
stage 21/226 telephone__03
stage 22/226 telephone__04
stage 23/226 remote_control__03
stage 24/226 clock__01
stage 25/226 clock__03
stage 26/226 watch__01
stage 27/226 clock__04
stage 28/226 watch__02
stage 29/226 watch__04
stage 30/226 earphone__01
stage 31/226 watch__03
stage 32/226 earphone__02
stage 33/226 earphone__04
stage 34/226 earphone__03
stage 35/226 clock__02
stage 36/226 fan__02
stage 37/226 fan__01
stage 38/226 fan__03
stage 39/226 fan__04
stage 40/226 lamp__02
stage 41/226 lamp__01
stage 42/226 lamp__04
stage 43/226 lamp__03
stage 44/226 blender__02
stage 45/226 blender__03
stage 46/226 blender__01
stage 47/226 microwave_oven__01
stage 48/226 microwave_oven__02
stage 49/226 microwave_oven__03
stage 50/226 kettle__01
stage 51/226 kettle__02
stage 52/226 microwave_oven__04
stage 53/226 kettle__04
stage 54/226 kettle__03
stage 55/226 blender__04
stage 56/226 mouse_computer_equipment__01
stage 57/226 mouse_computer_equipment__02
stage 58/226 mouse_computer_equipment__03
stage 59/226 mouse_computer_equipment__04
stage 60/226 chair__02
stage 61/226 chair__01
stage 62/226 chair__04
stage 63/226 chair__03
stage 64/226 bench__01
stage 65/226 bench__02
stage 66/226 bench__03
stage 67/226 stool__02
stage 68/226 stool__01
stage 69/226 stool__04
stage 70/226 stool__03
stage 71/226 table__01
stage 72/226 table__03
stage 73/226 table__02
stage 74/226 table__04
stage 75/226 bench__04
stage 76/226 bottle__02
stage 77/226 bottle__03
stage 78/226 bottle__01
stage 79/226 bottle__04
stage 80/226 jar__01
stage 81/226 jar__02
stage 82/226 jar__03
stage 83/226 jar__04
stage 84/226 can__03
stage 85/226 can__02
stage 86/226 can__01
stage 87/226 cup__01
stage 88/226 cup__02
stage 89/226 cup__04
stage 90/226 cup__03
stage 91/226 mug__01
stage 92/226 mug__03
stage 93/226 can__04
stage 94/226 mug__04
stage 95/226 glass_drink_container__01
stage 96/226 mug__02
stage 97/226 glass_drink_container__02
stage 98/226 bowl__01
stage 99/226 glass_drink_container__04
stage 100/226 bowl__03
stage 101/226 glass_drink_container__03
stage 102/226 bowl__02
stage 103/226 bowl__04
stage 104/226 handbag__01
stage 105/226 handbag__03
stage 106/226 handbag__02
stage 107/226 handbag__04
stage 108/226 plastic_bag__01
stage 109/226 plastic_bag__03
stage 110/226 plastic_bag__02
stage 111/226 plastic_bag__04
stage 112/226 box__03
stage 113/226 box__04
stage 114/226 carton__01
stage 115/226 carton__02
stage 116/226 carton__03
stage 117/226 carton__04
stage 118/226 crate__01
stage 119/226 crate__02
stage 120/226 crate__03
stage 121/226 box__02
stage 122/226 crate__04
stage 123/226 box__01
stage 124/226 basket__02
stage 125/226 basket__03
stage 126/226 basket__01
stage 127/226 bucket__02
stage 128/226 basket__04
stage 129/226 bucket__01
stage 130/226 bucket__03
stage 131/226 bucket__04
stage 132/226 trash_can__02
stage 133/226 trash_can__01
stage 134/226 trash_can__03
stage 135/226 trash_can__04
stage 136/226 plate__03
stage 137/226 plate__01
stage 138/226 plate__02
stage 139/226 plate__04
stage 140/226 tray__03
stage 141/226 tray__02
stage 142/226 tray__04
stage 143/226 vase__01
stage 144/226 vase__02
stage 145/226 vase__03
stage 146/226 vase__04
stage 147/226 tray__01
stage 148/226 car_automobile__02
stage 149/226 car_automobile__01
stage 150/226 bicycle__01
stage 151/226 car_automobile__04
stage 152/226 bicycle__02
stage 153/226 bicycle__03
stage 154/226 book__01
stage 155/226 book__02
stage 156/226 car_automobile__03
stage 157/226 book__03
stage 158/226 pen__01
stage 159/226 pen__02
stage 160/226 book__04
stage 161/226 pen__03
stage 162/226 wallet__01
stage 163/226 wallet__02
stage 164/226 belt__01
stage 165/226 belt__02
stage 166/226 belt__03
stage 167/226 hat__01
stage 168/226 belt__04
stage 169/226 hat__02
stage 170/226 hat__03
stage 171/226 hat__04
stage 172/226 helmet__02
stage 173/226 helmet__03
stage 174/226 helmet__01
stage 175/226 helmet__04
stage 176/226 shoe__01
stage 177/226 shoe__02
stage 178/226 shoe__03
stage 179/226 bicycle__04
stage 180/226 slipper_footwear__01
stage 181/226 shoe__04
stage 182/226 scarf__01
stage 183/226 scarf__02
stage 184/226 scarf__04
stage 185/226 scarf__03
stage 186/226 sweater__02
stage 187/226 sweater__03
stage 188/226 towel__01
stage 189/226 towel__02
stage 190/226 towel__03
stage 191/226 sweater__04
stage 192/226 towel__04
stage 193/226 sweater__01
stage 194/226 soap__01
stage 195/226 soap__02
stage 196/226 screwdriver__01
stage 197/226 broom__01
stage 198/226 broom__02
stage 199/226 hammer__02
stage 200/226 broom__03
stage 201/226 hammer__03
stage 202/226 hammer__01
stage 203/226 knife__03
stage 204/226 knife__01
stage 205/226 knife__02
stage 206/226 knife__04
stage 207/226 scissors__03
stage 208/226 scissors__02
stage 209/226 scissors__01
stage 210/226 ladder__01
stage 211/226 ladder__03
stage 212/226 ladder__02
stage 213/226 ladder__04
stage 214/226 scissors__04
stage 215/226 guitar__02
stage 216/226 guitar__04
stage 217/226 pan_for_cooking__01
stage 218/226 guitar__03
stage 219/226 pan_for_cooking__03
stage 220/226 pan_for_cooking__04
stage 221/226 pan_for_cooking__02
stage 222/226 spoon__02
stage 223/226 spoon__03
stage 224/226 spoon__01
stage 225/226 guitar__01
stage 226/226 spoon__04
{"cases": 226, "tracks": 16830, "prefix": "stage"}
