gate 1/268 test226 cellular_telephone__01
gate 2/268 test226 cellular_telephone__02
gate 3/268 test226 cellular_telephone__03
gate 4/268 test226 cellular_telephone__04
gate 5/268 test226 laptop_computer__02
gate 6/268 test226 laptop_computer__03
gate 7/268 test226 laptop_computer__01
gate 8/268 test226 laptop_computer__04
gate 9/268 test226 television_set__01
gate 10/268 test226 television_set__03
gate 11/268 test226 television_set__04
gate 12/268 test226 remote_control__01
gate 13/268 test226 remote_control__02
gate 14/268 test226 television_set__02
gate 15/268 test226 remote_control__04
gate 16/268 test226 calculator__01
gate 17/268 test226 calculator__02
gate 18/268 test226 calculator__03
gate 19/268 test226 telephone__01
gate 20/268 test226 telephone__02
gate 21/268 test226 remote_control__03
gate 22/268 test226 telephone__03
gate 23/268 test226 telephone__04
gate 24/268 test226 clock__01
gate 25/268 test226 clock__03
gate 26/268 test226 clock__02
gate 27/268 test226 watch__01
gate 28/268 test226 clock__04
gate 29/268 test226 watch__03
gate 30/268 test226 watch__04
gate 31/268 test226 watch__02
gate 32/268 test226 earphone__01
gate 33/268 test226 earphone__02
gate 34/268 test226 earphone__04
gate 35/268 test226 earphone__03
gate 36/268 test226 fan__01
gate 37/268 test226 fan__02
gate 38/268 test226 fan__04
gate 39/268 test226 fan__03
gate 40/268 test226 lamp__01
gate 41/268 test226 lamp__02
gate 42/268 test226 lamp__04
gate 43/268 test226 lamp__03
gate 44/268 test226 blender__02
gate 45/268 test226 blender__03
gate 46/268 test226 blender__01
gate 47/268 test226 microwave_oven__01
gate 48/268 test226 microwave_oven__02
gate 49/268 test226 microwave_oven__03
gate 50/268 test226 blender__04
gate 51/268 test226 microwave_oven__04
gate 52/268 test226 kettle__01
gate 53/268 test226 kettle__02
gate 54/268 test226 kettle__04
gate 55/268 test226 kettle__03
gate 56/268 test226 mouse_computer_equipment__01
gate 57/268 test226 mouse_computer_equipment__02
gate 58/268 test226 mouse_computer_equipment__03
gate 59/268 test226 mouse_computer_equipment__04
gate 60/268 test226 chair__01
gate 61/268 test226 chair__02
gate 62/268 test226 chair__04
gate 63/268 test226 chair__03
gate 64/268 test226 bench__01
gate 65/268 test226 bench__02
gate 66/268 test226 bench__04
gate 67/268 test226 bench__03
gate 68/268 test226 stool__02
gate 69/268 test226 stool__03
gate 70/268 test226 stool__04
gate 71/268 test226 stool__01
gate 72/268 test226 table__01
gate 73/268 test226 table__03
gate 74/268 test226 table__02
gate 75/268 test226 table__04
gate 76/268 test226 bottle__01
gate 77/268 test226 bottle__02
gate 78/268 test226 bottle__03
gate 79/268 test226 bottle__04
gate 80/268 test226 jar__01
gate 81/268 test226 jar__02
gate 82/268 test226 jar__03
gate 83/268 test226 jar__04
gate 84/268 test226 can__01
gate 85/268 test226 can__02
gate 86/268 test226 can__03
gate 87/268 test226 cup__01
gate 88/268 test226 cup__02
gate 89/268 test226 can__04
gate 90/268 test226 cup__04
gate 91/268 test226 cup__03
gate 92/268 test226 mug__01
gate 93/268 test226 mug__03
gate 94/268 test226 mug__02
gate 95/268 test226 glass_drink_container__01
gate 96/268 test226 mug__04
gate 97/268 test226 glass_drink_container__02
gate 98/268 test226 glass_drink_container__04
gate 99/268 test226 glass_drink_container__03
gate 100/268 test226 bowl__01
gate 101/268 test226 bowl__03
gate 102/268 test226 bowl__02
gate 103/268 test226 bowl__04
gate 104/268 test226 handbag__01
gate 105/268 test226 handbag__03
gate 106/268 test226 handbag__02
gate 107/268 test226 handbag__04
gate 108/268 test226 plastic_bag__01
gate 109/268 test226 plastic_bag__02
gate 110/268 test226 plastic_bag__03
gate 111/268 test226 plastic_bag__04
gate 112/268 test226 box__01
gate 113/268 test226 box__02
gate 114/268 test226 box__04
gate 115/268 test226 box__03
gate 116/268 test226 carton__02
gate 117/268 test226 carton__01
gate 118/268 test226 carton__03
gate 119/268 test226 carton__04
gate 120/268 test226 crate__01
gate 121/268 test226 crate__02
gate 122/268 test226 crate__03
gate 123/268 test226 crate__04
gate 124/268 test226 basket__02
gate 125/268 test226 basket__01
gate 126/268 test226 basket__04
gate 127/268 test226 basket__03
gate 128/268 test226 bucket__01
gate 129/268 test226 bucket__02
gate 130/268 test226 bucket__03
gate 131/268 test226 bucket__04
gate 132/268 test226 trash_can__02
gate 133/268 test226 trash_can__01
gate 134/268 test226 trash_can__03
gate 135/268 test226 plate__01
gate 136/268 test226 trash_can__04
gate 137/268 test226 plate__03
gate 138/268 test226 plate__04
gate 139/268 test226 plate__02
gate 140/268 test226 tray__02
gate 141/268 test226 tray__03
gate 142/268 test226 tray__04
gate 143/268 test226 tray__01
gate 144/268 test226 vase__01
gate 145/268 test226 vase__02
gate 146/268 test226 vase__03
gate 147/268 test226 vase__04
gate 148/268 test226 car_automobile__02
gate 149/268 test226 car_automobile__01
gate 150/268 test226 car_automobile__04
gate 151/268 test226 car_automobile__03
gate 152/268 test226 bicycle__01
gate 153/268 test226 bicycle__03
gate 154/268 test226 bicycle__02
gate 155/268 test226 book__01
gate 156/268 test226 book__02
gate 157/268 test226 book__03
gate 158/268 test226 book__04
gate 159/268 test226 pen__01
gate 160/268 test226 pen__02
gate 161/268 test226 bicycle__04
gate 162/268 test226 pen__03
gate 163/268 test226 wallet__01
gate 164/268 test226 wallet__02
gate 165/268 test226 belt__01
gate 166/268 test226 belt__02
gate 167/268 test226 belt__03
gate 168/268 test226 hat__01
gate 169/268 test226 hat__02
gate 170/268 test226 belt__04
gate 171/268 test226 hat__03
gate 172/268 test226 hat__04
gate 173/268 test226 helmet__02
gate 174/268 test226 helmet__03
gate 175/268 test226 helmet__01
gate 176/268 test226 shoe__01
gate 177/268 test226 helmet__04
gate 178/268 test226 shoe__02
gate 179/268 test226 shoe__04
gate 180/268 test226 slipper_footwear__01
gate 181/268 test226 shoe__03
gate 182/268 test226 scarf__01
gate 183/268 test226 scarf__02
gate 184/268 test226 scarf__03
gate 185/268 test226 scarf__04
gate 186/268 test226 sweater__02
gate 187/268 test226 sweater__03
gate 188/268 test226 sweater__04
gate 189/268 test226 towel__01
gate 190/268 test226 towel__02
gate 191/268 test226 towel__03
gate 192/268 test226 towel__04
gate 193/268 test226 soap__01
gate 194/268 test226 soap__02
gate 195/268 test226 screwdriver__01
gate 196/268 test226 broom__01
gate 197/268 test226 broom__02
gate 198/268 test226 broom__03
gate 199/268 test226 sweater__01
gate 200/268 test226 hammer__02
gate 201/268 test226 hammer__03
gate 202/268 test226 knife__01
gate 203/268 test226 hammer__01
gate 204/268 test226 knife__03
gate 205/268 test226 knife__02
gate 206/268 test226 knife__04
gate 207/268 test226 scissors__01
gate 208/268 test226 scissors__03
gate 209/268 test226 scissors__02
gate 210/268 test226 ladder__01
gate 211/268 test226 ladder__02
gate 212/268 test226 ladder__03
gate 213/268 test226 ladder__04
gate 214/268 test226 scissors__04
gate 215/268 test226 guitar__02
gate 216/268 test226 guitar__03
gate 217/268 test226 guitar__04
gate 218/268 test226 pan_for_cooking__01
gate 219/268 test226 pan_for_cooking__02
gate 220/268 test226 guitar__01
gate 221/268 test226 pan_for_cooking__04
gate 222/268 test226 pan_for_cooking__03
gate 223/268 test226 spoon__02
gate 224/268 test226 spoon__01
gate 225/268 test226 spoon__03
gate 226/268 test226 spoon__04
gate 227/268 holdout42 cellular_telephone__u01
gate 228/268 holdout42 television_set__u01
gate 229/268 holdout42 remote_control__u01
gate 230/268 holdout42 laptop_computer__u01
gate 231/268 holdout42 telephone__u01
gate 232/268 holdout42 calculator__u01
gate 233/268 holdout42 watch__u01
gate 234/268 holdout42 chair__u01
gate 235/268 holdout42 clock__u01
gate 236/268 holdout42 stool__u01
gate 237/268 holdout42 table__u01
gate 238/268 holdout42 bottle__u01
gate 239/268 holdout42 jar__u01
gate 240/268 holdout42 bench__u01
gate 241/268 holdout42 cup__u01
gate 242/268 holdout42 can__u01
gate 243/268 holdout42 mug__u01
gate 244/268 holdout42 glass_drink_container__u01
gate 245/268 holdout42 handbag__u01
gate 246/268 holdout42 bowl__u01
gate 247/268 holdout42 plastic_bag__u01
gate 248/268 holdout42 car_automobile__u01
gate 249/268 holdout42 box__u01
gate 250/268 holdout42 car_automobile__u02
gate 251/268 holdout42 bicycle__u02
gate 252/268 holdout42 bicycle__u01
gate 253/268 holdout42 book__u01
gate 254/268 holdout42 belt__u01
gate 255/268 holdout42 hat__u01
gate 256/268 holdout42 pencil__u01
gate 257/268 holdout42 helmet__u01
gate 258/268 holdout42 shoe__u01
gate 259/268 holdout42 slipper_footwear__u01
gate 260/268 holdout42 scarf__u01
gate 261/268 holdout42 screwdriver__u01
gate 262/268 holdout42 wrench__u01
gate 263/268 holdout42 scissors__u01
gate 264/268 holdout42 knife__u01
gate 265/268 holdout42 pliers__u01
gate 266/268 holdout42 ladder__u01
gate 267/268 holdout42 guitar__u01
gate 268/268 holdout42 pan_for_cooking__u01
Complete: Counter({'test226': 1808, 'holdout42': 336})
